// Jest Snapshot v1, https://goo.gl/fbAQLP

exports[`It renders without error 1`] = `
<div
  className="sc-bZQynM fuMuhp"
>
  <header
    className="Header sc-ifAKCX ivpimK"
  >
    <div
      className="sc-bxivhb bIAnAi"
    >
      <section
        className="sc-bwzfXH irrVft"
        fluid={true}
      >
        <div
          className="sc-htpNat eWAgNU"
        >
          <h1
            className="HeaderTitle"
          >
            Compare a pokémon
          </h1>
        </div>
      </section>
    </div>
  </header>
  <div
    className="SiteContainerMain sc-bxivhb jcNPuI"
  >
    <p
      className="App-intro"
    >
      To get started, edit 
      <code>
        src/App.js
      </code>
       and save to reload.
    </p>
  </div>
  <footer
    className="Footer sc-EHOje doCFlj"
  >
    <div
      className="sc-bxivhb bIAnAi"
    >
      <section
        className="sc-bwzfXH irrVft"
        fluid={true}
      >
        <div
          className="sc-htpNat eWAgNU"
        >
          <h1
            className="FooterText"
          >
            © Nick Prodromou 2018
          </h1>
        </div>
      </section>
    </div>
  </footer>
</div>
`;
