// Jest Snapshot v1, https://goo.gl/fbAQLP

exports[`It renders without error 1`] = `
<div
  className="App sc-EHOje fXHAim"
>
  <header
    className="Header sc-ifAKCX gXUorV"
  >
    <div
      className="sc-bxivhb bIAnAi"
    >
      <section
        className="sc-bwzfXH irrVft"
        fluid={true}
      >
        <div
          className="sc-htpNat eWAgNU"
        >
          <h1
            className="HeaderTitle"
          >
            Compare a pokémon
          </h1>
        </div>
      </section>
    </div>
  </header>
  <div
    className="SiteContainerMain sc-bxivhb jcNPuI"
  >
    <p
      className="App-intro"
    >
      To get started, edit 
      <code>
        src/App.js
      </code>
       and save to reload.
    </p>
  </div>
  <footer>
    this is the footer
  </footer>
</div>
`;
