// Jest Snapshot v1, https://goo.gl/fbAQLP

exports[`App Component It renders without error 1`] = `
<div
  className="sc-htoDjs biwkzE"
>
  <header
    className="Header sc-ifAKCX ivpimK"
  >
    <div
      className="sc-bxivhb bIAnAi"
    >
      <section
        className="sc-bwzfXH irrVft"
        fluid={true}
      >
        <div
          className="sc-htpNat eWAgNU"
        >
          <h1
            className="HeaderTitle"
          >
            Compare a pokémon
          </h1>
        </div>
      </section>
    </div>
  </header>
  <div
    className="SiteContainerMain sc-bxivhb jcNPuI"
  >
    <section
      className="Callout sc-bZQynM gGWSAb"
    >
      <div
        className="sc-bxivhb bIAnAi"
      >
        <div
          className="sc-htpNat eWAgNU"
        >
          <section
            className="sc-bwzfXH irrVft"
          >
            <div
              className="CalloutInner"
            >
              <h2
                className="CalloutTitle"
              >
                Welcome to the Pokémon comparer
              </h2>
              <h3
                className="CalloutSubtitle"
              >
                Select 2 pokemon and compare their unique traits stats and skills against one another
              </h3>
            </div>
          </section>
        </div>
      </div>
    </section>
    <div
      className="sc-gzVnrw jKwgWP"
    >
      <div
        className="sc-bxivhb bIAnAi"
      >
        <section
          className="SelectionRow sc-bwzfXH irrVft"
        >
          <div
            className="sc-htpNat hrIxvT"
          >
            <div
              className="SelectionInner"
            >
              <h2
                className="selectionTitle"
              >
                pokemon 1
              </h2>
              <p>
                AutocompleteSearchBar
              </p>
              <p>
                PokemonCard
              </p>
            </div>
          </div>
          <div
            className="sc-htpNat hrIxvT"
          >
            <div
              className="SelectionInner"
            >
              <h2
                className="selectionTitle"
              >
                pokemon 2
              </h2>
              <p>
                AutocompleteSearchBar
              </p>
              <p>
                PokemonCard
              </p>
            </div>
          </div>
        </section>
        <section
          className="sc-bwzfXH irrVft"
        >
          <div
            className="sc-htpNat bKOCBb"
          >
            <div
              className="SelectionCompareButton"
            >
              <button>
                Compare
              </button>
            </div>
          </div>
        </section>
      </div>
    </div>
  </div>
  <footer
    className="Footer sc-EHOje doCFlj"
  >
    <div
      className="sc-bxivhb bIAnAi"
    >
      <section
        className="sc-bwzfXH irrVft"
        fluid={true}
      >
        <div
          className="sc-htpNat eWAgNU"
        >
          <h1
            className="FooterText"
          >
            © Nick Prodromou 2018
          </h1>
        </div>
      </section>
    </div>
  </footer>
</div>
`;
