// Jest Snapshot v1, https://goo.gl/fbAQLP

exports[`PokemonSelection Component It renders without error 1`] = `
<div
  className="sc-gzVnrw dQNkVN"
>
  <div
    className="sc-bxivhb bIAnAi"
  >
    <section
      className="SelectionRow sc-bwzfXH irrVft"
    >
      <div
        className="sc-htpNat hrIxvT"
      >
        <div
          className="SelectionInner"
        >
          <div
            className="sc-ifAKCX dhZuFj"
          >
            <div
              className="react-autosuggest__container"
            >
              <input
                aria-activedescendant={null}
                aria-autocomplete="list"
                aria-expanded={false}
                aria-haspopup={false}
                aria-owns="react-autowhatever-1"
                autoComplete="off"
                className="react-autosuggest__input"
                onBlur={[Function]}
                onChange={[Function]}
                onFocus={[Function]}
                onKeyDown={[Function]}
                placeholder="Search for a Pokemon"
                role="combobox"
                type="text"
                value=""
              />
              <div
                className="react-autosuggest__suggestions-container"
                id="react-autowhatever-1"
              />
            </div>
          </div>
          
        </div>
      </div>
      <div
        className="sc-htpNat hrIxvT"
      >
        <div
          className="SelectionInner"
        >
          <div
            className="sc-ifAKCX dhZuFj"
          >
            <div
              className="react-autosuggest__container"
            >
              <input
                aria-activedescendant={null}
                aria-autocomplete="list"
                aria-expanded={false}
                aria-haspopup={false}
                aria-owns="react-autowhatever-1"
                autoComplete="off"
                className="react-autosuggest__input"
                onBlur={[Function]}
                onChange={[Function]}
                onFocus={[Function]}
                onKeyDown={[Function]}
                placeholder="Search for a Pokemon"
                role="combobox"
                type="text"
                value=""
              />
              <div
                className="react-autosuggest__suggestions-container"
                id="react-autowhatever-1"
              />
            </div>
          </div>
          
        </div>
      </div>
    </section>
    <section
      className="sc-bwzfXH irrVft"
    >
      <div
        className="sc-htpNat bKOCBb"
      >
        <div
          className="SelectionCompareButtonRow"
        >
          
        </div>
      </div>
    </section>
  </div>
</div>
`;
