// Jest Snapshot v1, https://goo.gl/fbAQLP

exports[`PokemonSelection Component It renders without error 1`] = `
<div
  className="sc-ifAKCX dmHmU"
>
  <div
    className="sc-bxivhb bIAnAi"
  >
    <section
      className="SelectionRow sc-bwzfXH irrVft"
    >
      <div
        className="sc-htpNat hrIxvT"
      >
        <div
          className="SelectionInner"
        >
          <h2
            className="selectionTitle"
          >
            pokemon 1
          </h2>
          <p>
            AutocompleteSearchBar
          </p>
          <p>
            PokemonCard
          </p>
        </div>
      </div>
      <div
        className="sc-htpNat hrIxvT"
      >
        <div
          className="SelectionInner"
        >
          <h2
            className="selectionTitle"
          >
            pokemon 2
          </h2>
          <p>
            AutocompleteSearchBar
          </p>
          <p>
            PokemonCard
          </p>
        </div>
      </div>
    </section>
    <section
      className="sc-bwzfXH irrVft"
    >
      <div
        className="sc-htpNat bKOCBb"
      >
        <div
          className="SelectionCompareButton"
        >
          <button>
            Compare
          </button>
        </div>
      </div>
    </section>
  </div>
</div>
`;
